
> backend@1.0.0 test
> node --test test/*.test.js

✔ unauthorized requests sign out without attempting a custom token exchange (667.5546ms)
✔ late unauthorized response cannot sign out a different session (141.1767ms)
✔ network and service failures do not trigger signout (156.9716ms)
✔ every private route keeps authentication and all obsolete authentication paths fail closed (45.2703ms)
✔ farmers cannot request another farmer harvest and riders cannot complete another rider pickup (4.1559ms)
✔ profile IDOR and message filter injection fail before querying data (10.0354ms)
✔ minimum total order weight rejects below 5 kg and accepts combined/exact 5 kg (8.4199ms)
✔ duplicate vegetables are combined before FIFO stock allocation (3.0118ms)
✔ cart persists after module restart, isolates users and clears immediately after checkout (838.8695ms)
✔ authoritative inventory removes delisted/sold-out products and updates stock and price (53.9636ms)
✔ API bypass cannot place an order below 5 kg (23.3184ms)
✔ checkout saves address with pin, reuses matching address and blocks on address failure (15.3501ms)
✔ farmer 8 kg harvest -> assigned pickup -> received batch -> listed menu -> retailer checkout and approval (49.7912ms)
✔ schedule example A (3.4303ms)
✔ schedule example B (0.6474ms)
✔ schedule example C (0.825ms)
✔ schedule example D (0.3532ms)
✔ schedule example E (0.3436ms)
✔ schedule rejects missing, invalid calendar dates, date-only, equality, and invalid clock fields (0.8206ms)
✔ explicit UTC, Manila offset and legacy wall time represent identical instants (0.794ms)
✔ Haversine uses geographic distance, including antimeridian (1.8833ms)
✔ nearby proof is verified with authoritative submission time (2.3467ms)
✔ far away, outside capped radius, missing destination and invalid GPS are rejected (1.1067ms)
✔ radius policy: 0m away with 0m accuracy (0.3827ms)
✔ radius policy: 40m away with 10m accuracy (0.2262ms)
✔ radius policy: 75m away with 10m accuracy (0.1731ms)
✔ radius policy: 115m away with 20m accuracy (0.3737ms)
✔ radius policy: 125m away with 20m accuracy (0.3353ms)
✔ radius policy: 149m away with 100m accuracy (0.1582ms)
✔ radius policy: 151m away with 100m accuracy (0.1696ms)
✔ radius policy: 500m away with 10m accuracy (0.1749ms)
✔ radius policy: 500m away with 1000m accuracy (0.1796ms)
✔ stale GPS requires refresh and poor accuracy never masquerades as distance failure (0.8314ms)
✔ photo overlay contains Manila submission time and coordinates; rejects arbitrary URLs (31.0306ms)
✔ image rendering failures block completion (79.7652ms)
✔ API bypass: past schedule is rejected before any database or inventory access (3.9153ms)
✔ completion persists metadata and transformed photo via one atomic RPC (6.377ms)
✔ completion rejects missing GPS/photo, poor accuracy and far-away proof without writes (15.3672ms)
✔ completion cannot persist when uploaded image rendering fails (4.1969ms)
✔ backend completion resolves the same legacy destination as tracking (3.7878ms)
✔ completion authorization, workflow, retries and database errors (13.349ms)
✔ retailer and distributor read endpoints include persisted POD metadata (6.7398ms)
✔ GPS publishes use an atomic timestamp filter and do not append ignored older samples (4.846ms)
✔ PostgreSQL migration, scheduling triggers, atomic progression/POD, permissions and retries (4253.0707ms)
✔ combined rollout safely adds inspected missing columns and rejects mismatched schemas (1038.2666ms)
(node:17600) [MODULE_TYPELESS_PACKAGE_JSON] Warning: Module type of file:///C:/Users/User%201/Desktop/capstone%20project/Capstone_VeggieTrack/mobile/src/lib/deliveryTrackingHtml.js is not specified and it doesn't parse as CommonJS.
Reparsing as ES module because module syntax was detected. This incurs a performance overhead.
To eliminate this warning, add "type": "module" to \\?\C:\Users\User 1\Desktop\capstone project\Capstone_VeggieTrack\mobile\package.json.
(Use `node --trace-warnings ...` to show where the warning was created)
✔ ETA splits rounded minutes into hours and minutes (5.7245ms)
✔ missing assigned rider GPS never falls back to legacy order or retailer coordinates (3.4967ms)
✔ coordinates accept zero and reject missing, non-finite, and out-of-range values (1.7768ms)
✔ destination uses order pin first, then matching saved address, never an unrelated store pin (0.6593ms)
✔ turn guidance handles turns, roundabouts, U-turns and arrival (0.7157ms)
✔ routing caches and deduplicates polling, then refreshes moving GPS after TTL (4.0953ms)
✔ routing failures are cached briefly and do not masquerade as road routes (0.8437ms)
✔ retailer and distributor receive live current-leg routing, static corridor and rider accuracy (1.5801ms)
✔ rider navigation uses only rider-to-hub before pickup and rider-to-retailer after pickup (4.8157ms)
✔ pickup navigation works without a retailer pin and never skips a missing hub (5.2585ms)
✔ unavailable rider routing never falls back to the warehouse-to-retailer corridor (0.6515ms)
✔ marking picked up switches the cached navigation endpoint immediately (10.2711ms)
✔ unrelated accounts cannot read private delivery GPS/contact details (0.5062ms)
✔ route progress projects onto road segments and simulation stops at destination (1.1391ms)
✔ embedded addresses cannot break out of the WebView script (0.3538ms)
✔ Leaflet bridge updates existing markers, preserves text, and handles missing GPS (8.2232ms)
✔ legacy dry run never fetches hashes or creates accounts; apply preserves all IDs; retry is idempotent (4.4208ms)
✔ mobile public upload config resolves from local dotenv and EAS process environment; private imports are refused (626.1013ms)
✔ EAS profiles select the corresponding public configuration environment (6.1706ms)
✔ device location capture requests fresh high accuracy GPS and attaches timestamp (1733.9619ms)
✔ device capture handles denied permission (65.3435ms)
✔ device capture handles disabled services (52.8468ms)
✔ device capture handles unavailable GPS (10070.4791ms)
✔ device capture handles GPS timeout (57.7408ms)
✔ device capture handles poor accuracy (10055.4897ms)
✔ device capture handles mocked GPS (10056.6763ms)
✔ device capture handles stale GPS (10039.5502ms)
✔ hanging permission/GPS request times out and clears the timer (28.6454ms)
✔ mobile and server scheduling parsers agree across timezone and midnight cases (7.7686ms)
✔ camera capture and web selection attach GPS to the selected photo (1449.2806ms)
✔ camera denied, cancellation, malformed result and capture failure never produce proof (28.4355ms)
✔ all mobile source modules compile with the installed Expo Babel preset (2912.5059ms)
✔ base schema and incremental inventory/image/status/tracking migrations execute on PostgreSQL (4044.4992ms)
✔ one PH helper accepts all four forms and rejects invalid/international values (1.9802ms)
✔ valid signed SMS sends documented PhilSMS body; change code uses NEW destination (5.6866ms)
✔ invalid signature and payload never call SMS provider (2.2234ms)
✔ production config failures are fail-closed (0.8713ms)
✔ development mode disables real PhilSMS delivery without failing auth hooks (0.5593ms)
✔ HTTP, provider-level, malformed JSON and network failures return safe failures (4.6647ms)
✔ verified Auth session still requires authoritative ACTIVE status; status-only access works (4.8004ms)
✔ phone change rejects invalid/same numbers before requesting SMS; verification belongs to Supabase (4.3359ms)
✔ SMS rejection/duplicate/expired/incorrect OTP cannot perform profile writes (1.2026ms)
✔ ambiguous older hook phone-change payload cannot send a code to the wrong number (1.2996ms)
✔ auth/mobile source contains no direct PhilSMS calls, server credentials, or OTP logging (25.5827ms)
✔ migration preserves cohort/history; Auth sync, roles, approval, sessions, audit and assignment guards (4038.2262ms)
✔ avatars only accept bounded original uploads from the configured cloud (2.8801ms)
✔ avatar updates preserve ownership, ignore timestamp/role spoofing and return saved profile (75.0385ms)
✔ farmer contacts include avatars while retaining distributor-only filtering (3.2439ms)
✔ profile upload stages hosted URL only after success; duplicate taps, failure, cancellation and unmount are safe (1772.4699ms)
✔ avatar renders initials without a URL, falls back on image failure and accepts a replacement (100.3895ms)
✔ Edit Profile blocks Save during upload/failure, persists staged URL and refreshes shared profile (513.4217ms)
✔ avatar migration preserves legacy accounts, stamps changes and preserves RLS lockdown (3869.7802ms)
ℹ tests 97
ℹ suites 0
ℹ pass 97
ℹ fail 0
ℹ cancelled 0
ℹ skipped 0
ℹ todo 0
ℹ duration_ms 47273.9613
